<html>
<head>
</head>
<body>
<script type="text/javascript" src="http://asdf.us/js/jquery.js"></script>
<script type="text/javascript" src="//ajax.googleapis.com/ajax/libs/jquery/1.10.2/jquery.min.js"></script>
<script type="text/javascript" src="app.min.js"></script></body>
<script type="text/html" id="template"><html>foo</html></script>
</html>
