<html>
<body>
</body>
<script type="text/html"><html>foo</html></script>
</html>

